C:\var\csitea\ysg-guides\doc\cheat-sheets\aws\aws-cli-cheat-sheet.sh
C:\var\csitea\ysg-guides\doc\cheat-sheets\linux\linux-cheat-sheet.sh
C:\var\csitea\ysg-guides\doc\cheat-sheets\git\git-cheat-sheet.sh
C:\var\csitea\ysg-guides\doc\cheat-sheets\sql\mysql\mysql-cheat-sheet.sh
C:\var\csitea\ysg-guides\doc\cheat-sheets\sql\mysql\mysql-cheat-sheet.sql
C:\var\csitea\ysg-guides\doc\cheat-sheets\perl\perl-cheat-sheet.pl
C:\var\csitea\ysg-guides\doc\cheat-sheets\perl\perl-cheat-sheet.sh
C:\var\csitea\ysg-guides\doc\cheat-sheets\cmd\cmd-cheat-sheet.cmd
C:\var\csitea\ysg-guides\doc\cheat-sheets\vagrant\vagrant-cheat-sheet.sh
C:\var\csitea\ysg-guides\doc\cheat-sheets\ps\power-shell-cheat-sheet.ps1
C:\var\csitea\ysg-guides\doc\cheat-sheets\html\html-cheat-sheet.html
C:\var\csitea\ysg-guides\doc\cheat-sheets\conflu\confluence-cheat-sheet.html
C:\var\csitea\ysg-guides\doc\cheat-sheets\sql\mssql\mssql-cheat-sheet.sql
C:\var\csitea\ysg-guides\doc\cheat-sheets\vbox\vbox-cheat-sheet.sh
C:\var\csitea\ysg-guides\doc\cheat-sheets\js\js-cheat-sheet.js
C:\var\csitea\ysg-guides\doc\cheat-sheets\scala\scala-cheat-sheet.scala
C:\Users\ysg\Desktop\TextFiles.Starter.DESKTOP-M175NUE.cmd
C:\Users\ysg\Desktop\TextFiles.Starter.DESKTOP-M175NUE.lst
C:\var\csitea\ysg-guides\doc\cheat-sheets\docker\docker-cheat-sheet.sh
C:\var\nokia\data\txt\issues\2017\2017-09\2017-09-26\nokia.cheat.2017-09-26.sh
C:\Users\ysg\Desktop\tmp.sh
C:\var\phz\doc\phz-cheat-sheet.sh
C:\var\phz\doc\phz-cheat-sheet.sh