cnf/lst/run-bsh-utl.include.lst
cnf/run-bsh-inf.kin.yaml
cnf/lst/run-bsh-utl.exclude.lst
cnf/lst/run-bsh-utl.include.lst
cnf/lst/csi-wpp-utl.exclude.lst
cnf/lst/csi-wpp-utl.include.lst
cnf/.vscode/settings.json
dat/nginx/default.conf
dat/nginx/nginx.conf
lib/bash/funcs/export-json-section-vars.func.sh
lib/bash/funcs/flush-screen.func.sh
lib/bash/funcs/mac-install-bins.func.sh
lib/bash/funcs/manjaro-install-bins.func.sh
lib/bash/funcs/morph-dir.func.sh
lib/bash/funcs/parse-ini-section-vars.func.sh
lib/bash/funcs/require-var.func.sh
lib/bash/funcs/resolve-dirname.func.sh
lib/bash/funcs/set-vars-on-alpine.func.sh
lib/bash/funcs/set-vars-on-debian.func.sh
lib/bash/funcs/set-vars-on-mac.func.sh
lib/bash/funcs/set-vars-on-suse.func.sh
lib/bash/funcs/set-vars-on-ubuntu.func.sh
lib/bash/funcs/suse-install-bins.func.sh
lib/bash/funcs/test-helpers.sh
lib/bash/funcs/ubuntu-install-bins.func.sh
lib/bash/funcs/zip-me.func.sh
lib/make/demand-var.func.mk
lib/make/make-help.func.mk
lib/make/set-default-shell.mk
lib/make/zip-me.func.mk
Makefile
README.md
RELEASE.md
src/bash/run/hello-world.func.sh
src/bash/run/help-to-history.func.sh
src/bash/run/morph-module.func.sh
src/bash/run/morph-path.func.sh
src/bash/run/mysql-dump-from-remote.func.sh
src/bash/run/mysql-dump-from-remote-to-gcp.func.sh
src/bash/run/print-usage.func.sh
src/bash/run/pull-all-app-repos.func.sh
src/bash/run/push-all-app-repos.func.sh
src/bash/run/remove-gcp-project.func.sh
src/bash/run/remove-old-gcp-s3-files.func.sh
src/bash/run/run.sh
src/bash/run/scan-to-list-file.func.sh
src/bash/run/set-vars-on-alpine.func.sh
src/bash/run/set-vars-on-fedora.func.sh
src/bash/run/set-vars-on-mac.func.sh
src/bash/run/set-vars-on-manjaro.func.sh
src/bash/run/set-vars-on-suse.func.sh
src/bash/run/set-vars-on-ubuntu.func.sh
src/bash/run/sync-repo-to-vm.func.sh
src/bash/run/sync-to-local-host.func.sh
src/bash/run/sync-to-remote-host.func.sh
src/bash/run/sync-vm-to-repo.func.sh
src/bash/run/sync-wui-to-local-host.func.sh
src/bash/run/sync-wui-to-remote-host.func.sh
src/bash/scripts/commit-msg
src/bash/scripts/start-chronos-dev-admin-tool-api-server-app.sh
src/bash/scripts/start-chronos-dev-admin-tool-js.sh
src/bash/scripts/start-localstack.sh
src/bash/scripts/start-wpp-dev.sh
src/make/build-wpp-all.func.mk
src/make/.env
src/make/generate-config-for-step.func.mk
src/make/run-tpl-gen.func.mk
src/make/setup-run-bsh-inf.func.mk
src/make/setup-run-bsh-local-dev.func.mk
src/make/tf-tasks.func.mk
src/make/zip-wrappers.func.mk
